Command: /home/master/xuantie/opene902/smart_run/work/./simv -l run.vcs.log
Chronologic VCS simulator copyright 1991-2022
Contains Synopsys proprietary information.
Compiler version T-2022.06_Full64; Runtime version T-2022.06_Full64;  Mar 11 15:40 2025
	******START TO LOAD PROGRAM******

*Verdi* Loading libsscore_vcs202206.so
*Verdi* : FSDB parallel Dumping is disabled because only one CPU is available.
FSDB Dumper for VCS, Release Verdi_T-2022.06, Linux x86_64/64bit, 05/29/2022
(C) 1996 - 2022 by Synopsys, Inc.
*Verdi* : Create FSDB file 'novas.fsdb'
*Verdi* : Begin traversing the scopes, layer (0).
*Verdi* : End of traversing.

VCUNT_SIM:Memory copy for 1024 bytes cost 775 CPU cycles!

**********************************************
*    simulation finished successfully        *
**********************************************
$finish called from file "../logical/tb/tb.v", line 204.
$finish at simulation time           2426450000
           V C S   S i m u l a t i o n   R e p o r t 
Time: 242645000000 fs
CPU Time:      2.750 seconds;       Data structure size:   2.2Mb
Tue Mar 11 15:40:34 2025
