Using built-in specs.
COLLECT_GCC=/home/master/xuantie/riscv_toolchain/bin/riscv64-unknown-elf-gcc
Target: riscv64-unknown-elf
Configured with: /ldhome/software/toolsbuild/slave2/workspace/Toolchain/release-riscv-0/build/../source/riscv/riscv-gcc/configure --target=riscv64-unknown-elf --with-gmp=/ldhome/software/toolsbuild/slave2/workspace/Toolchain/release-riscv-0/lib-for-gcc-x86_64-linux/ --with-mpfr=/ldhome/software/toolsbuild/slave2/workspace/Toolchain/release-riscv-0/lib-for-gcc-x86_64-linux/ --with-mpc=/ldhome/software/toolsbuild/slave2/workspace/Toolchain/release-riscv-0/lib-for-gcc-x86_64-linux/ --with-libexpat-prefix=/ldhome/software/toolsbuild/slave2/workspace/Toolchain/release-riscv-0/lib-for-gcc-x86_64-linux/ --with-pkgversion='T-HEAD RISCV Tools V2.0.1 B20210512' --enable-libgcctf --prefix=/ldhome/software/toolsbuild/slave2/workspace/Toolchain/release-riscv-0/install --disable-shared --disable-threads --enable-languages=c,c++ --with-system-zlib --enable-tls --with-newlib --with-sysroot=/ldhome/software/toolsbuild/slave2/workspace/Toolchain/release-riscv-0/install/riscv64-unknown-elf --with-native-system-header-dir=/include --disable-libmudflap --disable-libssp --disable-libquadmath --disable-libgomp --disable-nls --disable-tm-clone-registry --src=../../source/riscv/riscv-gcc --enable-multilib --with-abi=lp64d --with-arch=rv64gcxthead 'CFLAGS_FOR_TARGET=-Os   -mcmodel=medany' 'CXXFLAGS_FOR_TARGET=-Os   -mcmodel=medany'
Thread model: single
Supported LTO compression algorithms: zlib
gcc version 10.2.0 (T-HEAD RISCV Tools V2.0.1 B20210512) 
COLLECT_GCC_OPTIONS='-c' '-mtune=e906' '-march=rv32imafc' '-mabi=ilp32f' '-c' '-v' '-O2' '-o' 'E906_RV32IMAC_INSTRUCTIONS.o' '-march=rv32imafc'
 /home/master/xuantie/riscv_toolchain/bin/../lib/gcc/riscv64-unknown-elf/10.2.0/../../../../riscv64-unknown-elf/bin/as -v --traditional-format -march=rv32imafc -march=rv32imafc -mabi=ilp32f -o E906_RV32IMAC_INSTRUCTIONS.o E906_RV32IMAC_INSTRUCTIONS.s
GNU assembler version 2.32 (riscv64-unknown-elf) using BFD version (GNU Binutils) 2.32
COMPILER_PATH=/home/master/xuantie/riscv_toolchain/bin/../libexec/gcc/riscv64-unknown-elf/10.2.0/:/home/master/xuantie/riscv_toolchain/bin/../libexec/gcc/:/home/master/xuantie/riscv_toolchain/bin/../lib/gcc/riscv64-unknown-elf/10.2.0/../../../../riscv64-unknown-elf/bin/
LIBRARY_PATH=/home/master/xuantie/riscv_toolchain/bin/../lib/gcc/riscv64-unknown-elf/10.2.0/rv32imafc/ilp32f/:/home/master/xuantie/riscv_toolchain/bin/../lib/gcc/riscv64-unknown-elf/10.2.0/../../../../riscv64-unknown-elf/lib/rv32imafc/ilp32f/:/home/master/xuantie/riscv_toolchain/bin/../riscv64-unknown-elf/lib/rv32imafc/ilp32f/:/home/master/xuantie/riscv_toolchain/bin/../lib/gcc/riscv64-unknown-elf/10.2.0/:/home/master/xuantie/riscv_toolchain/bin/../lib/gcc/:/home/master/xuantie/riscv_toolchain/bin/../lib/gcc/riscv64-unknown-elf/10.2.0/../../../../riscv64-unknown-elf/lib/:/home/master/xuantie/riscv_toolchain/bin/../riscv64-unknown-elf/lib/
COLLECT_GCC_OPTIONS='-c' '-mtune=e906' '-march=rv32imafc' '-mabi=ilp32f' '-c' '-v' '-O2' '-o' 'E906_RV32IMAC_INSTRUCTIONS.o' '-march=rv32imafc'
Using built-in specs.
COLLECT_GCC=/home/master/xuantie/riscv_toolchain/bin/riscv64-unknown-elf-gcc
Target: riscv64-unknown-elf
Configured with: /ldhome/software/toolsbuild/slave2/workspace/Toolchain/release-riscv-0/build/../source/riscv/riscv-gcc/configure --target=riscv64-unknown-elf --with-gmp=/ldhome/software/toolsbuild/slave2/workspace/Toolchain/release-riscv-0/lib-for-gcc-x86_64-linux/ --with-mpfr=/ldhome/software/toolsbuild/slave2/workspace/Toolchain/release-riscv-0/lib-for-gcc-x86_64-linux/ --with-mpc=/ldhome/software/toolsbuild/slave2/workspace/Toolchain/release-riscv-0/lib-for-gcc-x86_64-linux/ --with-libexpat-prefix=/ldhome/software/toolsbuild/slave2/workspace/Toolchain/release-riscv-0/lib-for-gcc-x86_64-linux/ --with-pkgversion='T-HEAD RISCV Tools V2.0.1 B20210512' --enable-libgcctf --prefix=/ldhome/software/toolsbuild/slave2/workspace/Toolchain/release-riscv-0/install --disable-shared --disable-threads --enable-languages=c,c++ --with-system-zlib --enable-tls --with-newlib --with-sysroot=/ldhome/software/toolsbuild/slave2/workspace/Toolchain/release-riscv-0/install/riscv64-unknown-elf --with-native-system-header-dir=/include --disable-libmudflap --disable-libssp --disable-libquadmath --disable-libgomp --disable-nls --disable-tm-clone-registry --src=../../source/riscv/riscv-gcc --enable-multilib --with-abi=lp64d --with-arch=rv64gcxthead 'CFLAGS_FOR_TARGET=-Os   -mcmodel=medany' 'CXXFLAGS_FOR_TARGET=-Os   -mcmodel=medany'
Thread model: single
Supported LTO compression algorithms: zlib
gcc version 10.2.0 (T-HEAD RISCV Tools V2.0.1 B20210512) 
COLLECT_GCC_OPTIONS='-c' '-mtune=e906' '-march=rv32imafc' '-mabi=ilp32f' '-c' '-v' '-O2' '-o' 'crt0.o' '-march=rv32imafc'
 /home/master/xuantie/riscv_toolchain/bin/../lib/gcc/riscv64-unknown-elf/10.2.0/../../../../riscv64-unknown-elf/bin/as -v --traditional-format -march=rv32imafc -march=rv32imafc -mabi=ilp32f -o crt0.o crt0.s
GNU assembler version 2.32 (riscv64-unknown-elf) using BFD version (GNU Binutils) 2.32
COMPILER_PATH=/home/master/xuantie/riscv_toolchain/bin/../libexec/gcc/riscv64-unknown-elf/10.2.0/:/home/master/xuantie/riscv_toolchain/bin/../libexec/gcc/:/home/master/xuantie/riscv_toolchain/bin/../lib/gcc/riscv64-unknown-elf/10.2.0/../../../../riscv64-unknown-elf/bin/
LIBRARY_PATH=/home/master/xuantie/riscv_toolchain/bin/../lib/gcc/riscv64-unknown-elf/10.2.0/rv32imafc/ilp32f/:/home/master/xuantie/riscv_toolchain/bin/../lib/gcc/riscv64-unknown-elf/10.2.0/../../../../riscv64-unknown-elf/lib/rv32imafc/ilp32f/:/home/master/xuantie/riscv_toolchain/bin/../riscv64-unknown-elf/lib/rv32imafc/ilp32f/:/home/master/xuantie/riscv_toolchain/bin/../lib/gcc/riscv64-unknown-elf/10.2.0/:/home/master/xuantie/riscv_toolchain/bin/../lib/gcc/:/home/master/xuantie/riscv_toolchain/bin/../lib/gcc/riscv64-unknown-elf/10.2.0/../../../../riscv64-unknown-elf/lib/:/home/master/xuantie/riscv_toolchain/bin/../riscv64-unknown-elf/lib/
COLLECT_GCC_OPTIONS='-c' '-mtune=e906' '-march=rv32imafc' '-mabi=ilp32f' '-c' '-v' '-O2' '-o' 'crt0.o' '-march=rv32imafc'
