Command: /home/master/xuantie/opene906/smart_run/work/./simv -l run.vcs.log
Chronologic VCS simulator copyright 1991-2022
Contains Synopsys proprietary information.
Compiler version T-2022.06_Full64; Runtime version T-2022.06_Full64;  Mar 17 14:43 2025
	******START TO LOAD PROGRAM******

*Verdi* Loading libsscore_vcs202206.so
*Verdi* : FSDB parallel Dumping is disabled because only one CPU is available.
FSDB Dumper for VCS, Release Verdi_T-2022.06, Linux x86_64/64bit, 05/29/2022
(C) 1996 - 2022 by Synopsys, Inc.
*Verdi* : Create FSDB file 'novas.fsdb'
*Verdi* : Begin traversing the scopes, layer (0).
*Verdi* : End of traversing.

**********************************************
*    simulation finished successfully        *
**********************************************
$finish called from file "../logical/tb/tb.v", line 225.
$finish at simulation time            721250000
           V C S   S i m u l a t i o n   R e p o r t 
Time: 72125000000 fs
CPU Time:      1.370 seconds;       Data structure size:   3.6Mb
Mon Mar 17 14:43:49 2025
