version: (200506)

available memory: 64M bytes
used memory: 1040384 bytes [need 1016K bytes if disable swap]

used block: 57 [memory(57) file(0)]
                 [ 8K(47) 64K(10) { total 1016K bytes } ]
overhead: (13584) bytes for (57) blocks [Average: (238) bytes/block]

write  => 0(times) 0K(bytes) [0K bytes to file]
read   => 10(times) 381K(bytes) [65K bytes compressed data from file]
access => 2814704(times) 22122M(bytes)
          [hit ratio: 99.9996%]

time: write(0) read(0)  unit: second

swap file directory: (/home/master/xuantie/opene902/smart_run/work/verdiLog)
used swap file number: (9)



swap file manager:
arrSize: (256)
idxCnt: (10)
closeHead: (1)
closeTail: (9)
openCnt: (8)
fid(9): fd(1073741830) fileName(/home/master/xuantie/opene902/smart_run/work/simv.daidir/kdb.elab++/work.lib++/cr_iu_wb.v.tdc)
	size(27674) lastModTime(1741678822) curModTime(1741678822)
	mode(rb)	hot(0) cool(8) pos(0)
fid(8): fd(1073741829) fileName(/home/master/xuantie/opene902/smart_run/work/simv.daidir/kdb.elab++/work.lib++/cr_iu_retire.v.tdc)
	size(34305) lastModTime(1741678822) curModTime(1741678822)
	mode(rb)	hot(9) cool(7) pos(0)
fid(7): fd(1073741828) fileName(/home/master/xuantie/opene902/smart_run/work/simv.daidir/kdb.elab++/work.lib++/cr_iu_alu.v.tdc)
	size(20761) lastModTime(1741678822) curModTime(1741678822)
	mode(rb)	hot(8) cool(6) pos(0)
fid(6): fd(1073741827) fileName(/home/master/xuantie/opene902/smart_run/work/simv.daidir/kdb.elab++/work.lib++/cr_iu_branch.v.tdc)
	size(12651) lastModTime(1741678822) curModTime(1741678822)
	mode(rb)	hot(7) cool(4) pos(0)
fid(5): fd(0) fileName(/home/master/xuantie/opene902/smart_run/work/simv.daidir/kdb.elab++/work.lib++/cr_iu_top.v.tdc)
	size(53868) lastModTime(1741678822) curModTime(1741678822)
	mode(rb)	hot(0) cool(0) pos(0)
fid(4): fd(1073741826) fileName(/home/master/xuantie/opene902/smart_run/work/simv.daidir/kdb.elab++/work.lib++/cr_iu_decd.v.tdc)
	size(34449) lastModTime(1741678822) curModTime(1741678822)
	mode(rb)	hot(6) cool(3) pos(0)
fid(3): fd(1073741825) fileName(/home/master/xuantie/opene902/smart_run/work/simv.daidir/kdb.elab++/work.lib++/tb.v.tdc)
	size(12391) lastModTime(1741678822) curModTime(1741678822)
	mode(rb)	hot(4) cool(2) pos(0)
fid(2): fd(24) fileName(/home/master/xuantie/opene902/smart_run/work/verdiLog/_swap_0001#-1771385089#8522)
	size(0) lastModTime(0) curModTime(1741678957)
	mode(w+b)	hot(3) cool(1) pos(0)
fid(1): fd(1073741824) fileName(/home/master/xuantie/opene902/smart_run/work/simv.daidir/kdb.elab++/work.lib++/clic_kid_golden_ports.v.tdc)
	size(1557) lastModTime(1741678821) curModTime(1741678821)
	mode(rb)	hot(2) cool(0) pos(0)
fid(0): fd(0) fileName(NULL)
	mode(NULL)	hot(0) cool(0) pos(0)
==================================================
mySelf(0x1a3fdc30) pre(0x1a3ef550) next((nil))
version(200506)
date(Apr 25 2022 02:34:42)
