Command: /home/master/xuantie/openc906/smart_run/work/./simv -l run.vcs.log
Chronologic VCS simulator copyright 1991-2022
Contains Synopsys proprietary information.
Compiler version T-2022.06_Full64; Runtime version T-2022.06_Full64;  Mar 21 17:23 2025
	********* Init Program *********
	********* Wipe memory to 0 *********
	********* Read program *********
	********* Load program to memory *********
######time:                   0, Dump start######
*Verdi* Loading libsscore_vcs202206.so
*Verdi* : FSDB parallel Dumping is disabled because only one CPU is available.
FSDB Dumper for VCS, Release Verdi_T-2022.06, Linux x86_64/64bit, 05/29/2022
(C) 1996 - 2022 by Synopsys, Inc.
*Verdi* : Create FSDB file 'novas.fsdb'
*Verdi* : Begin traversing the scopes, layer (0).
*Verdi* : End of traversing.

**********************************************
*    simulation finished successfully        *
**********************************************
$finish called from file "../logical/tb/tb.v", line 269.
$finish at simulation time           3100050000
           V C S   S i m u l a t i o n   R e p o r t 
Time: 310005000000 fs
CPU Time:      1.510 seconds;       Data structure size:  33.6Mb
Fri Mar 21 17:23:11 2025
